Running in Lattice mode


Starting:    C:\lscc\iCEcube2.2020.12\synpbase\bin64\mbin\synbatch.exe
Install:     C:\lscc\iCEcube2.2020.12\synpbase
Hostname:    WRONGTHINK
Date:        Fri Apr 17 17:25:00 2026
Version:     L-2016.09L+ice40

Arguments:   -product synplify_pro -batch FlipFlopToggle_syn.prj
ProductType: synplify_pro





log file: "Z:\home\wrongthink\Projects\FPGA\Tutorial\FlipFlop#3\FlipFlopToggle\FlipFlopToggle_Implmnt\FlipFlopToggle.srr"
Running: FlipFlopToggle_Implmnt in foreground

Running FlipFlopToggle_syn|FlipFlopToggle_Implmnt

Running: compile (Compile) on FlipFlopToggle_syn|FlipFlopToggle_Implmnt
# Fri Apr 17 17:25:00 2026

Running: compile_flow (Compile Process) on FlipFlopToggle_syn|FlipFlopToggle_Implmnt
# Fri Apr 17 17:25:00 2026

Running: compiler (Compile Input) on FlipFlopToggle_syn|FlipFlopToggle_Implmnt
# Fri Apr 17 17:25:00 2026
Copied Z:\home\wrongthink\Projects\FPGA\Tutorial\FlipFlop#3\FlipFlopToggle\FlipFlopToggle_Implmnt\synwork\FlipFlopToggle_comp.srs to Z:\home\wrongthink\Projects\FPGA\Tutorial\FlipFlop#3\FlipFlopToggle\FlipFlopToggle_Implmnt\FlipFlopToggle.srs

compiler completed
# Fri Apr 17 17:25:02 2026

Return Code: 0
Run Time:00h:00m:02s

Running: multi_srs_gen (Multi-srs Generator) on FlipFlopToggle_syn|FlipFlopToggle_Implmnt
# Fri Apr 17 17:25:02 2026

multi_srs_gen completed
# Fri Apr 17 17:25:02 2026

Return Code: 0
Run Time:00h:00m:00s
Copied Z:\home\wrongthink\Projects\FPGA\Tutorial\FlipFlop#3\FlipFlopToggle\FlipFlopToggle_Implmnt\synwork\FlipFlopToggle_mult.srs to Z:\home\wrongthink\Projects\FPGA\Tutorial\FlipFlop#3\FlipFlopToggle\FlipFlopToggle_Implmnt\FlipFlopToggle.srs
Complete: Compile Process on FlipFlopToggle_syn|FlipFlopToggle_Implmnt

Running: premap (Pre-mapping) on FlipFlopToggle_syn|FlipFlopToggle_Implmnt
# Fri Apr 17 17:25:02 2026

premap completed
# Fri Apr 17 17:25:03 2026

Return Code: 0
Run Time:00h:00m:01s
Complete: Compile on FlipFlopToggle_syn|FlipFlopToggle_Implmnt

Running: map (Map) on FlipFlopToggle_syn|FlipFlopToggle_Implmnt
# Fri Apr 17 17:25:03 2026
License granted for 4 parallel jobs

Running: fpga_mapper (Map & Optimize) on FlipFlopToggle_syn|FlipFlopToggle_Implmnt
# Fri Apr 17 17:25:03 2026
Copied Z:\home\wrongthink\Projects\FPGA\Tutorial\FlipFlop#3\FlipFlopToggle\FlipFlopToggle_Implmnt\synwork\FlipFlopToggle_m.srm to Z:\home\wrongthink\Projects\FPGA\Tutorial\FlipFlop#3\FlipFlopToggle\FlipFlopToggle_Implmnt\FlipFlopToggle.srm

fpga_mapper completed with warnings
# Fri Apr 17 17:25:04 2026

Return Code: 1
Run Time:00h:00m:01s
Complete: Map on FlipFlopToggle_syn|FlipFlopToggle_Implmnt
Complete: Logic Synthesis on FlipFlopToggle_syn|FlipFlopToggle_Implmnt

exit status=0

exit status=0

