Running in Lattice mode


Starting:    C:\lscc\iCEcube2.2020.12\synpbase\bin64\mbin\synbatch.exe
Install:     C:\lscc\iCEcube2.2020.12\synpbase
Hostname:    WRONGTHINK
Date:        Fri Apr 17 14:32:49 2026
Version:     L-2016.09L+ice40

Arguments:   -product synplify_pro -batch switch_led_syn.prj
ProductType: synplify_pro





log file: "Z:\home\wrongthink\Projects\FPGA\Tutorial\switch_led\switch_led\switch_led_Implmnt\switch_led.srr"
Running: switch_led_Implmnt in foreground

Running switch_led_syn|switch_led_Implmnt

Running: compile (Compile) on switch_led_syn|switch_led_Implmnt
# Fri Apr 17 14:32:49 2026

Running: compile_flow (Compile Process) on switch_led_syn|switch_led_Implmnt
# Fri Apr 17 14:32:49 2026

Running: compiler (Compile Input) on switch_led_syn|switch_led_Implmnt
# Fri Apr 17 14:32:49 2026
Copied Z:\home\wrongthink\Projects\FPGA\Tutorial\switch_led\switch_led\switch_led_Implmnt\synwork\switch_led_comp.srs to Z:\home\wrongthink\Projects\FPGA\Tutorial\switch_led\switch_led\switch_led_Implmnt\switch_led.srs

compiler completed
# Fri Apr 17 14:32:51 2026

Return Code: 0
Run Time:00h:00m:02s

Running: multi_srs_gen (Multi-srs Generator) on switch_led_syn|switch_led_Implmnt
# Fri Apr 17 14:32:51 2026

multi_srs_gen completed
# Fri Apr 17 14:32:51 2026

Return Code: 0
Run Time:00h:00m:00s
Copied Z:\home\wrongthink\Projects\FPGA\Tutorial\switch_led\switch_led\switch_led_Implmnt\synwork\switch_led_mult.srs to Z:\home\wrongthink\Projects\FPGA\Tutorial\switch_led\switch_led\switch_led_Implmnt\switch_led.srs
Complete: Compile Process on switch_led_syn|switch_led_Implmnt

Running: premap (Pre-mapping) on switch_led_syn|switch_led_Implmnt
# Fri Apr 17 14:32:51 2026

premap completed
# Fri Apr 17 14:32:52 2026

Return Code: 0
Run Time:00h:00m:01s
Complete: Compile on switch_led_syn|switch_led_Implmnt

Running: map (Map) on switch_led_syn|switch_led_Implmnt
# Fri Apr 17 14:32:52 2026
License granted for 4 parallel jobs

Running: fpga_mapper (Map & Optimize) on switch_led_syn|switch_led_Implmnt
# Fri Apr 17 14:32:52 2026
Copied Z:\home\wrongthink\Projects\FPGA\Tutorial\switch_led\switch_led\switch_led_Implmnt\synwork\switch_led_m.srm to Z:\home\wrongthink\Projects\FPGA\Tutorial\switch_led\switch_led\switch_led_Implmnt\switch_led.srm

fpga_mapper completed
# Fri Apr 17 14:32:53 2026

Return Code: 0
Run Time:00h:00m:01s
Complete: Map on switch_led_syn|switch_led_Implmnt
Complete: Logic Synthesis on switch_led_syn|switch_led_Implmnt

exit status=0

exit status=0

