Running in Lattice mode


Starting:    C:\lscc\iCEcube2.2020.12\synpbase\bin64\mbin\synbatch.exe
Install:     C:\lscc\iCEcube2.2020.12\synpbase
Hostname:    WRONGTHINK
Date:        Fri Apr 17 15:59:42 2026
Version:     L-2016.09L+ice40

Arguments:   -product synplify_pro -batch AndLogic_syn.prj
ProductType: synplify_pro





log file: "Z:\home\wrongthink\Projects\FPGA\Tutorial\Logicgates#2\AndLogic\AndLogic_Implmnt\AndLogic.srr"
Running: AndLogic_Implmnt in foreground

Running AndLogic_syn|AndLogic_Implmnt

Running: compile (Compile) on AndLogic_syn|AndLogic_Implmnt
# Fri Apr 17 15:59:42 2026

Running: compile_flow (Compile Process) on AndLogic_syn|AndLogic_Implmnt
# Fri Apr 17 15:59:42 2026

Running: compiler (Compile Input) on AndLogic_syn|AndLogic_Implmnt
# Fri Apr 17 15:59:42 2026
Copied Z:\home\wrongthink\Projects\FPGA\Tutorial\Logicgates#2\AndLogic\AndLogic_Implmnt\synwork\AndLogic_comp.srs to Z:\home\wrongthink\Projects\FPGA\Tutorial\Logicgates#2\AndLogic\AndLogic_Implmnt\AndLogic.srs

compiler completed
# Fri Apr 17 15:59:44 2026

Return Code: 0
Run Time:00h:00m:02s

Running: multi_srs_gen (Multi-srs Generator) on AndLogic_syn|AndLogic_Implmnt
# Fri Apr 17 15:59:44 2026

multi_srs_gen completed
# Fri Apr 17 15:59:44 2026

Return Code: 0
Run Time:00h:00m:00s
Copied Z:\home\wrongthink\Projects\FPGA\Tutorial\Logicgates#2\AndLogic\AndLogic_Implmnt\synwork\AndLogic_mult.srs to Z:\home\wrongthink\Projects\FPGA\Tutorial\Logicgates#2\AndLogic\AndLogic_Implmnt\AndLogic.srs
Complete: Compile Process on AndLogic_syn|AndLogic_Implmnt

Running: premap (Pre-mapping) on AndLogic_syn|AndLogic_Implmnt
# Fri Apr 17 15:59:44 2026

premap completed
# Fri Apr 17 15:59:45 2026

Return Code: 0
Run Time:00h:00m:01s
Complete: Compile on AndLogic_syn|AndLogic_Implmnt

Running: map (Map) on AndLogic_syn|AndLogic_Implmnt
# Fri Apr 17 15:59:45 2026
License granted for 4 parallel jobs

Running: fpga_mapper (Map & Optimize) on AndLogic_syn|AndLogic_Implmnt
# Fri Apr 17 15:59:45 2026
Copied Z:\home\wrongthink\Projects\FPGA\Tutorial\Logicgates#2\AndLogic\AndLogic_Implmnt\synwork\AndLogic_m.srm to Z:\home\wrongthink\Projects\FPGA\Tutorial\Logicgates#2\AndLogic\AndLogic_Implmnt\AndLogic.srm

fpga_mapper completed
# Fri Apr 17 15:59:46 2026

Return Code: 0
Run Time:00h:00m:01s
Complete: Map on AndLogic_syn|AndLogic_Implmnt
Complete: Logic Synthesis on AndLogic_syn|AndLogic_Implmnt

exit status=0

exit status=0

